// Jest Snapshot v1, https://goo.gl/fbAQLP

exports[`Modal renders correctly 1`] = `
<div>
  <form
    style="display: flex; flex-direction: column;"
  >
    <h3>
      Fill the fields below
    </h3>
    <label
      for="carName"
    >
      Car Name:
    </label>
    <select
      id="carName"
    >
      <option
        value="Car 1"
      >
        Car 1
      </option>
    </select>
    <label
      for="select_city"
    >
      Select a city:
    </label>
    <div
      class="select css-b62m3t-container"
    >
      <span
        class="css-1f43avz-a11yText-A11yText"
        id="react-select-2-live-region"
      />
      <span
        aria-atomic="false"
        aria-live="polite"
        aria-relevant="additions text"
        class="css-1f43avz-a11yText-A11yText"
      />
      <div
        class=" css-1w39g0f-control"
      >
        <div
          class=" css-1fdsijx-ValueContainer"
        >
          <div
            class=" css-1jqq78o-placeholder"
            id="react-select-2-placeholder"
          >
            Select...
          </div>
          <div
            class=" css-qbdosj-Input"
            data-value=""
          >
            <input
              aria-autocomplete="list"
              aria-describedby="react-select-2-placeholder"
              aria-expanded="false"
              aria-haspopup="true"
              aria-labelledby="select_city"
              aria-required="true"
              autocapitalize="none"
              autocomplete="off"
              autocorrect="off"
              class=""
              id="react-select-2-input"
              role="combobox"
              spellcheck="false"
              style="opacity: 1; width: 100%; grid-area: 1 / 2; min-width: 2px; border: 0px; margin: 0px; outline: 0; padding: 0px;"
              tabindex="0"
              type="text"
              value=""
            />
          </div>
        </div>
        <div
          class=" css-1hb7zxy-IndicatorsContainer"
        >
          <span
            class=" css-1u9des2-indicatorSeparator"
          />
          <div
            aria-hidden="true"
            class=" css-1xc3v61-indicatorContainer"
          >
            <svg
              aria-hidden="true"
              class="css-tj5bde-Svg"
              focusable="false"
              height="20"
              viewBox="0 0 20 20"
              width="20"
            >
              <path
                d="M4.516 7.548c0.436-0.446 1.043-0.481 1.576 0l3.908 3.747 3.908-3.747c0.533-0.481 1.141-0.446 1.574 0 0.436 0.445 0.408 1.197 0 1.615-0.406 0.418-4.695 4.502-4.695 4.502-0.217 0.223-0.502 0.335-0.787 0.335s-0.57-0.112-0.789-0.335c0 0-4.287-4.084-4.695-4.502s-0.436-1.17 0-1.615z"
              />
            </svg>
          </div>
        </div>
      </div>
    </div>
    <label
      for="duration"
    >
      Duration:
    </label>
    <input
      id="duration"
      required=""
      type="number"
      value=""
    />
    <label
      for="reservationDate"
    >
      Reservation Date:
    </label>
    <input
      id="reservationDate"
      required=""
      type="date"
      value=""
    />
    <button
      type="submit"
    >
      Book Reservation
    </button>
    <style>
      
    form {
      padding: 0 1rem;
      font-size: 1rem;
    }

    label {
      margin-top: 1rem;
      font-size: 0.8rem;
    }

    input,
    select {
      margin-top: 0.5rem;
      font-size: 1rem;
      padding: 0.5rem;
    }

    button {
      margin-top: 1rem;
      font-size: 1rem;
      padding: 0.5rem;
    }

    @media screen and (min-width: 768px) {
      form {
        font-size: 1.2rem;
      }

      label {
        margin-top: 1.5rem;
        font-size: 1rem;
      }

      input,
      select {
        margin-top: 1rem;
        font-size: 1.2rem;
        padding: 0.7rem;
      }

      button {
        margin-top: 1.5rem;
        font-size: 1.2rem;
        padding: 0.7rem;
      }
    }
  
    </style>
  </form>
  ,
</div>
`;
